/* prettier-ignore-start */
/* eslint-disable */

/******************************************************************************
 * This file was generated
 * DO NOT EDIT MANUALLY!
 ******************************************************************************/

import type { PropsWithChildren } from 'react'
import type { JSX } from 'react/jsx-runtime'
import type { GenericLikeC4Model } from '@likec4/core/model'
import type {
  LikeC4ViewProps as GenericLikeC4ViewProps,
  ReactLikeC4Props as GenericReactLikeC4Props
} from 'likec4/react'

import type { Aux, SpecAux } from '@likec4/core/types';

export type ElementId = 
  | 'alice'
  | 'bob'
  | 'cloud'
  | 'cloud.backend'
  | 'cloud.frontend'
  | 'cloud.backend.api'
  | 'cloud.backend.db';

export type DeploymentId = 
  | 'dev'
  | 'prod'
  | 'dev.api'
  | 'dev.vm1'
  | 'prod.vm1'
  | 'prod.vm2';

export type ViewId = 
  | 'view1'
  | 'view2';

export type ElementKind = 
  | 'actor'
  | 'component'
  | 'system';

export type RelationshipKind = 
  | 'dislike'
  | 'like';

export type DeploymentKind = 
  | 'env'
  | 'vm';

export type Tag = 
  | 'tag1'
  | 'tag2';

export type MetadataKey = 
  | 'key1'
  | 'key2';

export type $Aux = Aux<
  'from-builder',
  ElementId,
  DeploymentId,
  ViewId,
  SpecAux<
    ElementKind,
    DeploymentKind,
    RelationshipKind,
    Tag,
    MetadataKey
  >
>


declare function isLikeC4ViewId(value: unknown): value is ViewId;

type LikeC4Model = GenericLikeC4Model<$Aux>;

declare const likec4model: LikeC4Model;
declare function useLikeC4Model(): LikeC4Model;
declare function useLikeC4View(viewId: ViewId): DiagramView<$Aux>;

declare function LikeC4ModelProvider(props: PropsWithChildren): JSX.Element;

type IconRendererProps = {
  node: {
    id: string
    title: string
    icon?: string | undefined
  }
}
declare function RenderIcon(props: IconRendererProps): JSX.Element;

type LikeC4ViewProps = GenericLikeC4ViewProps<ViewId, Tag, ElementKind>;
declare function LikeC4View({viewId, ...props}: LikeC4ViewProps): JSX.Element;

type ReactLikeC4Props = GenericReactLikeC4Props<ViewId, Tag, ElementKind>
declare function ReactLikeC4({viewId, ...props}: ReactLikeC4Props): JSX.Element;

export {
  type LikeC4ViewProps,
  type ReactLikeC4Props,
  type LikeC4Model,
  isLikeC4ViewId,
  useLikeC4Model,
  useLikeC4View,
  likec4model,
  LikeC4ModelProvider,
  LikeC4View,
  RenderIcon,
  ReactLikeC4
}
/* prettier-ignore-end */
